// Jest Snapshot v1, https://goo.gl/fbAQLP

exports[`Home renders Home unchanged 1`] = `
<div>
  <div>
    <div>
      I am AwardSection
    </div>
  </div>
</div>
`;
